// Jest Snapshot v1, https://goo.gl/fbAQLP

exports[`table-builder as a list matches overall snapshot 1`] = `"<div class=\\"int-table\\"><div class=\\"test-header-slot\\"></div> <div class=\\"int-table__list\\"><div class=\\"int-table__list-row\\"><div class=\\"test-list-slot\\"><span>0</span> <p>row 1 column 1, row 1 column 2</p></div></div><div class=\\"int-table__list-row\\"><div class=\\"test-list-slot\\"><span>1</span> <p>row 2 column 1, row 2 column 2</p></div></div><div class=\\"int-table__list-row\\"><div class=\\"test-list-slot\\"><span>2</span> <p>row 3 column 1, row 3 column 2</p></div></div></div> <div class=\\"int-table__overflow\\"><!----></div> <div class=\\"test-footer-slot\\"></div></div>"`;

exports[`table-builder as a table matches overall snapshot 1`] = `"<div class=\\"int-table\\"> <!----> <div class=\\"int-table__overflow\\"><table class=\\"int-table__table\\"><thead><tr><th>Col</th> <!----></tr></thead> <tbody><tr class=\\"int-table__block\\"><td class=\\"\\">row 1</td></tr> <!----><tr class=\\"int-table__block\\"><td class=\\"\\">row 2</td></tr> <!----><tr class=\\"int-table__block\\"><td class=\\"\\">row 3</td></tr> <!----></tbody></table></div> </div>"`;
