// Jest Snapshot v1, https://goo.gl/fbAQLP

exports[`tb-sort-button matches overall snapshot 1`] = `"<button class=\\"tb-sort-button\\"><div class=\\"slot-content\\"></div> <svg width=\\"16\\" height=\\"16\\" viewBox=\\"0 0 20 20\\"><path d=\\"M17 13H3l7-8z\\" style=\\"display: none;\\"></path> <path d=\\"M3 7h14l-7 8z\\" style=\\"display: none;\\"></path> <path d=\\"M17 9H3l7-8z M3 11h14l-7 8z\\"></path></svg></button>"`;
